2023-06-05 16:16:13 INFO     API queries_quota: 60
2023-06-05 16:17:11 INFO     API queries_quota: 60
